Loading weights:   0%|          | 0/320 [00:00<?, ?it/s]Loading weights: 100%|██████████| 320/320 [00:00<00:00, 3611.98it/s]
Fetching 9 files:   0%|          | 0/9 [00:00<?, ?it/s]Fetching 9 files: 100%|██████████| 9/9 [00:00<00:00, 3240.79it/s]
delta: warm start from /Users/bytedance/.cache/huggingface/hub/models--jaredpalmer--kev-0.8b/snapshots/bf75a6a8848ea6960ff2ed108d9ed44c2941174f: 372 lora tensors and the pointer head loaded
device=mps world=1 trainable params=11.3M
dropped 44 of 1223 records that exceed the training context (384 state / 1024 branch / 2048 packed tokens)
[transformers] `causal_conv1d_fn` is falling back to its reference PyTorch implementation because `causal_conv1d` is not installed. This is correct but much slower; install `causal_conv1d` for the optimized kernel.
[transformers] `chunk_gated_delta_rule` is falling back to its reference PyTorch implementation because `flash-linear-attention` is not installed. This is correct but much slower; install `flash-linear-attention` for the optimized kernel.
1179 training requests (holdout=[]), questions by type {'noul': 1880, 'score': 95}
ep0 step 10/296 loss 0.795 kl 0.000 anchor 0.000 1.517s/rec
ep0 step 20/296 loss 0.530 kl 0.000 anchor 0.000 1.519s/rec
ep0 step 30/296 loss 0.245 kl 0.000 anchor 0.000 1.544s/rec
ep0 step 40/296 loss 0.175 kl 0.000 anchor 0.000 1.560s/rec
ep0 step 50/296 loss 0.187 kl 0.000 anchor 0.000 1.607s/rec
ep0 step 60/296 loss 0.054 kl 0.000 anchor 0.000 1.617s/rec
ep0 step 70/296 loss 0.136 kl 0.000 anchor 0.000 1.633s/rec
ep0 step 80/296 loss 0.134 kl 0.000 anchor 0.000 1.633s/rec
ep0 step 90/296 loss 0.015 kl 0.000 anchor 0.000 1.647s/rec
ep0 step 100/296 loss 0.059 kl 0.000 anchor 0.000 1.655s/rec
ep0 step 110/296 loss 0.023 kl 0.000 anchor 0.000 1.649s/rec
ep0 step 120/296 loss 0.097 kl 0.000 anchor 0.000 1.646s/rec
ep0 step 130/296 loss 0.066 kl 0.000 anchor 0.000 1.639s/rec
ep0 step 140/296 loss 0.095 kl 0.000 anchor 0.000 1.642s/rec
ep1 step 150/296 loss 0.090 kl 0.000 anchor 0.000 1.629s/rec
ep1 step 160/296 loss 0.089 kl 0.000 anchor 0.000 1.615s/rec
ep1 step 170/296 loss 0.038 kl 0.000 anchor 0.000 1.606s/rec
ep1 step 180/296 loss 0.065 kl 0.000 anchor 0.000 1.594s/rec
ep1 step 190/296 loss 0.072 kl 0.000 anchor 0.000 1.585s/rec
ep1 step 200/296 loss 0.040 kl 0.000 anchor 0.000 1.575s/rec
ep1 step 210/296 loss 0.050 kl 0.000 anchor 0.000 1.567s/rec
ep1 step 220/296 loss 0.041 kl 0.000 anchor 0.000 1.556s/rec
ep1 step 230/296 loss 0.002 kl 0.000 anchor 0.000 1.553s/rec
ep1 step 240/296 loss 0.002 kl 0.000 anchor 0.000 1.548s/rec
ep1 step 250/296 loss 0.043 kl 0.000 anchor 0.000 1.542s/rec
ep1 step 260/296 loss 0.012 kl 0.000 anchor 0.000 1.531s/rec
ep1 step 270/296 loss 0.029 kl 0.000 anchor 0.000 1.526s/rec
ep1 step 280/296 loss 0.083 kl 0.000 anchor 0.000 1.524s/rec
ep1 step 290/296 loss 0.031 kl 0.000 anchor 0.000 1.519s/rec
saved /Users/bytedance/workplace/Silex/jev-runtime-observability/runs/onto-e1b-A3-100/model
