Loading weights:   0%|          | 0/320 [00:00<?, ?it/s]Loading weights:  82%|████████▏ | 263/320 [00:00<00:00, 2614.39it/s]Loading weights: 100%|██████████| 320/320 [00:00<00:00, 2750.53it/s]
Fetching 9 files:   0%|          | 0/9 [00:00<?, ?it/s]Fetching 9 files: 100%|██████████| 9/9 [00:00<00:00, 3643.70it/s]
delta: warm start from /Users/bytedance/.cache/huggingface/hub/models--jaredpalmer--kev-0.8b/snapshots/bf75a6a8848ea6960ff2ed108d9ed44c2941174f: 372 lora tensors and the pointer head loaded
device=mps world=1 trainable params=11.3M
dropped 18 of 614 records that exceed the training context (384 state / 1024 branch / 2048 packed tokens)
[transformers] `causal_conv1d_fn` is falling back to its reference PyTorch implementation because `causal_conv1d` is not installed. This is correct but much slower; install `causal_conv1d` for the optimized kernel.
[transformers] `chunk_gated_delta_rule` is falling back to its reference PyTorch implementation because `flash-linear-attention` is not installed. This is correct but much slower; install `flash-linear-attention` for the optimized kernel.
596 training requests (holdout=[]), questions by type {'noul': 947, 'score': 49}
ep0 step 10/150 loss 0.714 kl 0.000 anchor 0.000 1.434s/rec
ep0 step 20/150 loss 0.308 kl 0.000 anchor 0.000 1.506s/rec
ep0 step 30/150 loss 0.188 kl 0.000 anchor 0.000 1.510s/rec
ep0 step 40/150 loss 0.169 kl 0.000 anchor 0.000 1.524s/rec
ep0 step 50/150 loss 0.211 kl 0.000 anchor 0.000 1.532s/rec
ep0 step 60/150 loss 0.076 kl 0.000 anchor 0.000 1.543s/rec
ep0 step 70/150 loss 0.199 kl 0.000 anchor 0.000 1.537s/rec
ep1 step 80/150 loss 0.113 kl 0.000 anchor 0.000 1.516s/rec
ep1 step 90/150 loss 0.082 kl 0.000 anchor 0.000 1.494s/rec
ep1 step 100/150 loss 0.062 kl 0.000 anchor 0.000 1.471s/rec
ep1 step 110/150 loss 0.022 kl 0.000 anchor 0.000 1.460s/rec
ep1 step 120/150 loss 0.083 kl 0.000 anchor 0.000 1.447s/rec
ep1 step 130/150 loss 0.007 kl 0.000 anchor 0.000 1.439s/rec
ep1 step 140/150 loss 0.112 kl 0.000 anchor 0.000 1.427s/rec
ep1 step 150/150 loss 0.011 kl 0.000 anchor 0.000 1.406s/rec
saved /Users/bytedance/workplace/Silex/jev-runtime-observability/runs/onto-e1b-A0-50/model
