Loading weights:   0%|          | 0/320 [00:00<?, ?it/s]Loading weights: 100%|██████████| 320/320 [00:00<00:00, 3588.36it/s]
Fetching 9 files:   0%|          | 0/9 [00:00<?, ?it/s]Fetching 9 files: 100%|██████████| 9/9 [00:00<00:00, 3277.65it/s]
delta: warm start from /Users/bytedance/.cache/huggingface/hub/models--jaredpalmer--kev-0.8b/snapshots/bf75a6a8848ea6960ff2ed108d9ed44c2941174f: 372 lora tensors and the pointer head loaded
device=mps world=1 trainable params=11.3M
dropped 18 of 614 records that exceed the training context (384 state / 1024 branch / 2048 packed tokens)
[transformers] `causal_conv1d_fn` is falling back to its reference PyTorch implementation because `causal_conv1d` is not installed. This is correct but much slower; install `causal_conv1d` for the optimized kernel.
[transformers] `chunk_gated_delta_rule` is falling back to its reference PyTorch implementation because `flash-linear-attention` is not installed. This is correct but much slower; install `flash-linear-attention` for the optimized kernel.
596 training requests (holdout=[]), questions by type {'noul': 947, 'score': 49}
ep0 step 10/150 loss 0.727 kl 0.000 anchor 0.000 1.053s/rec
ep0 step 20/150 loss 0.322 kl 0.000 anchor 0.000 1.090s/rec
ep0 step 30/150 loss 0.182 kl 0.000 anchor 0.000 1.102s/rec
ep0 step 40/150 loss 0.167 kl 0.000 anchor 0.000 1.119s/rec
ep0 step 50/150 loss 0.206 kl 0.000 anchor 0.000 1.126s/rec
ep0 step 60/150 loss 0.077 kl 0.000 anchor 0.000 1.134s/rec
ep0 step 70/150 loss 0.159 kl 0.000 anchor 0.000 1.137s/rec
ep1 step 80/150 loss 0.102 kl 0.000 anchor 0.000 1.121s/rec
ep1 step 90/150 loss 0.104 kl 0.000 anchor 0.000 1.104s/rec
ep1 step 100/150 loss 0.063 kl 0.000 anchor 0.000 1.085s/rec
ep1 step 110/150 loss 0.022 kl 0.000 anchor 0.000 1.074s/rec
ep1 step 120/150 loss 0.080 kl 0.000 anchor 0.000 1.063s/rec
ep1 step 130/150 loss 0.004 kl 0.000 anchor 0.000 1.056s/rec
ep1 step 140/150 loss 0.088 kl 0.000 anchor 0.000 1.047s/rec
ep1 step 150/150 loss 0.010 kl 0.000 anchor 0.000 1.041s/rec
saved /Users/bytedance/workplace/Silex/jev-runtime-observability/runs/onto-e1b-A3-50/model
