Loading weights:   0%|          | 0/320 [00:00<?, ?it/s]Loading weights: 100%|██████████| 320/320 [00:00<00:00, 3415.11it/s]
Fetching 9 files:   0%|          | 0/9 [00:00<?, ?it/s]Fetching 9 files: 100%|██████████| 9/9 [00:00<00:00, 3469.87it/s]
delta: warm start from /Users/bytedance/.cache/huggingface/hub/models--jaredpalmer--kev-0.8b/snapshots/bf75a6a8848ea6960ff2ed108d9ed44c2941174f: 372 lora tensors and the pointer head loaded
device=mps world=1 trainable params=11.3M
dropped 18 of 614 records that exceed the training context (384 state / 1024 branch / 2048 packed tokens)
[transformers] `causal_conv1d_fn` is falling back to its reference PyTorch implementation because `causal_conv1d` is not installed. This is correct but much slower; install `causal_conv1d` for the optimized kernel.
[transformers] `chunk_gated_delta_rule` is falling back to its reference PyTorch implementation because `flash-linear-attention` is not installed. This is correct but much slower; install `flash-linear-attention` for the optimized kernel.
596 training requests (holdout=[]), questions by type {'noul': 947, 'score': 49}
ep0 step 10/150 loss 0.708 kl 0.000 anchor 0.000 1.053s/rec
ep0 step 20/150 loss 0.312 kl 0.000 anchor 0.000 1.087s/rec
ep0 step 30/150 loss 0.167 kl 0.000 anchor 0.000 1.098s/rec
ep0 step 40/150 loss 0.171 kl 0.000 anchor 0.000 1.114s/rec
ep0 step 50/150 loss 0.220 kl 0.000 anchor 0.000 1.118s/rec
ep0 step 60/150 loss 0.089 kl 0.000 anchor 0.000 1.122s/rec
ep0 step 70/150 loss 0.180 kl 0.000 anchor 0.000 1.122s/rec
ep1 step 80/150 loss 0.105 kl 0.000 anchor 0.000 1.113s/rec
ep1 step 90/150 loss 0.100 kl 0.000 anchor 0.000 1.096s/rec
ep1 step 100/150 loss 0.065 kl 0.000 anchor 0.000 1.078s/rec
ep1 step 110/150 loss 0.022 kl 0.000 anchor 0.000 1.067s/rec
ep1 step 120/150 loss 0.081 kl 0.000 anchor 0.000 1.056s/rec
ep1 step 130/150 loss 0.003 kl 0.000 anchor 0.000 1.049s/rec
ep1 step 140/150 loss 0.107 kl 0.000 anchor 0.000 1.040s/rec
ep1 step 150/150 loss 0.008 kl 0.000 anchor 0.000 1.034s/rec
saved /Users/bytedance/workplace/Silex/jev-runtime-observability/runs/onto-e1b-A1-50/model
