Loading weights:   0%|          | 0/320 [00:00<?, ?it/s]Loading weights: 100%|██████████| 320/320 [00:00<00:00, 3238.74it/s]
Fetching 9 files:   0%|          | 0/9 [00:00<?, ?it/s]Fetching 9 files: 100%|██████████| 9/9 [00:00<00:00, 3636.33it/s]
delta: warm start from /Users/bytedance/.cache/huggingface/hub/models--jaredpalmer--kev-0.8b/snapshots/bf75a6a8848ea6960ff2ed108d9ed44c2941174f: 372 lora tensors and the pointer head loaded
device=mps world=1 trainable params=11.3M
dropped 44 of 1223 records that exceed the training context (384 state / 1024 branch / 2048 packed tokens)
[transformers] `causal_conv1d_fn` is falling back to its reference PyTorch implementation because `causal_conv1d` is not installed. This is correct but much slower; install `causal_conv1d` for the optimized kernel.
[transformers] `chunk_gated_delta_rule` is falling back to its reference PyTorch implementation because `flash-linear-attention` is not installed. This is correct but much slower; install `flash-linear-attention` for the optimized kernel.
1179 training requests (holdout=[]), questions by type {'noul': 1880, 'score': 95}
ep0 step 10/296 loss 0.793 kl 0.000 anchor 0.000 1.530s/rec
ep0 step 20/296 loss 0.515 kl 0.000 anchor 0.000 1.536s/rec
ep0 step 30/296 loss 0.235 kl 0.000 anchor 0.000 1.560s/rec
ep0 step 40/296 loss 0.178 kl 0.000 anchor 0.000 1.575s/rec
ep0 step 50/296 loss 0.185 kl 0.000 anchor 0.000 1.607s/rec
ep0 step 60/296 loss 0.055 kl 0.000 anchor 0.000 1.608s/rec
ep0 step 70/296 loss 0.144 kl 0.000 anchor 0.000 1.620s/rec
ep0 step 80/296 loss 0.143 kl 0.000 anchor 0.000 1.613s/rec
ep0 step 90/296 loss 0.015 kl 0.000 anchor 0.000 1.622s/rec
ep0 step 100/296 loss 0.059 kl 0.000 anchor 0.000 1.631s/rec
ep0 step 110/296 loss 0.029 kl 0.000 anchor 0.000 1.629s/rec
ep0 step 120/296 loss 0.094 kl 0.000 anchor 0.000 1.623s/rec
ep0 step 130/296 loss 0.062 kl 0.000 anchor 0.000 1.616s/rec
ep0 step 140/296 loss 0.100 kl 0.000 anchor 0.000 1.617s/rec
ep1 step 150/296 loss 0.091 kl 0.000 anchor 0.000 1.610s/rec
ep1 step 160/296 loss 0.089 kl 0.000 anchor 0.000 1.595s/rec
ep1 step 170/296 loss 0.035 kl 0.000 anchor 0.000 1.585s/rec
ep1 step 180/296 loss 0.073 kl 0.000 anchor 0.000 1.571s/rec
ep1 step 190/296 loss 0.086 kl 0.000 anchor 0.000 1.561s/rec
ep1 step 200/296 loss 0.044 kl 0.000 anchor 0.000 1.554s/rec
ep1 step 210/296 loss 0.051 kl 0.000 anchor 0.000 1.544s/rec
ep1 step 220/296 loss 0.046 kl 0.000 anchor 0.000 1.535s/rec
ep1 step 230/296 loss 0.003 kl 0.000 anchor 0.000 1.532s/rec
ep1 step 240/296 loss 0.001 kl 0.000 anchor 0.000 1.527s/rec
ep1 step 250/296 loss 0.038 kl 0.000 anchor 0.000 1.522s/rec
ep1 step 260/296 loss 0.012 kl 0.000 anchor 0.000 1.513s/rec
ep1 step 270/296 loss 0.028 kl 0.000 anchor 0.000 1.509s/rec
ep1 step 280/296 loss 0.078 kl 0.000 anchor 0.000 1.507s/rec
ep1 step 290/296 loss 0.032 kl 0.000 anchor 0.000 1.503s/rec
saved /Users/bytedance/workplace/Silex/jev-runtime-observability/runs/onto-e1b-A1-100/model
